Added sample products to in-memory store
Product Controller: {
  getAllProducts: [AsyncFunction: getAllProducts],
  getProductById: [AsyncFunction: getProductById],
  createProduct: [AsyncFunction: createProduct],
  updateProduct: [AsyncFunction: updateProduct],
  deleteProduct: [AsyncFunction: deleteProduct]
}
Test server running on port 3001
PostgreSQL error, falling back to in-memory store: 
PostgreSQL error, falling back to in-memory store: 
                                                                                                                                                                                                                                                                                                                                                                                                                                                                                                                                                                                                                                                                                                                                                                                                                                                                                                                                                                                                                                                                                                                                                                                                                                                                                                                                                                                                                                                                                                                                                                                                                                                                                                                                                                                                                                                                                                                                                                                                                                                                       